fwrite(stderr)
e
fputs(stderr)
__oe_host_print(stderr)
__oe_host_print(stderr)
